// ----------------------------------------------------------------------------
// LegUp High-Level Synthesis Tool Version 7.5 (http://legupcomputing.com)
// Copyright (c) 2015-2019 LegUp Computing Inc. All Rights Reserved.
// For technical issues, please contact: support@legupcomputing.com
// For general inquiries, please contact: info@legupcomputing.com
// Date: Mon Jun  8 22:13:09 2020
// ----------------------------------------------------------------------------

LegUp Summary Report for Project: legup.

Table of Contents
  1. Scheduling Result
  2. Pipeline Result
  3. Memory Usage
  4. Resource Binding with Adaptive Latency


====== 1. Scheduling Result ======

Please use LegUp's schedule viewer to examine the schedule.

Basic Block Latencies:

+-----------------------------------------+
| Function: main (non-pipelined function) |
+-------------------+---------------------+
| Basic Block       | Cycle Latency       |
+-------------------+---------------------+
| %entry            | 1                   |
+-------------------+---------------------+

====== 2. Pipeline Result ======

No pipeline is generated.

====== 3. Memory Usage ======

+----------------+
| Local Memories |
+----------------+
| None           |
+----------------+

+-------------------------+
| Local Constant Memories |
+-------------------------+
| None                    |
+-------------------------+

+-----------------------+
| Shared Local Memories |
+-----------------------+
| None                  |
+-----------------------+

+------------------+
| Aliased Memories |
+------------------+
| None             |
+------------------+

+--------------+
| I/O Memories |
+--------------+
| None         |
+--------------+


====== 4. Resource Binding with Adaptive Latency ======

Binding to resource with adaptive latency is disabled.
You can enable this feature by setting config parameter 'ADAPTIVE_LATENCY_BINDING' to 1.


